Can't use SSL_get_servername
depth=0 CN = localhost
verify error:num=18:self-signed certificate
verify return:1
depth=0 CN = localhost
verify return:1
HTTP/1.0 200 ok
Content-type: text/html

<HTML><BODY BGCOLOR="#ffffff">
<pre>

s_server -accept 4433 -cert server.crt -key server.key -www -quiet 
Secure Renegotiation IS supported
Ciphers supported in s_server binary
TLSv1.3    :TLS_AES_256_GCM_SHA384    TLSv1.3    :TLS_CHACHA20_POLY1305_SHA256 
TLSv1.3    :TLS_AES_128_GCM_SHA256    TLSv1.2    :ECDHE-ECDSA-AES256-GCM-SHA384 
TLSv1.2    :ECDHE-RSA-AES256-GCM-SHA384 TLSv1.2    :DHE-RSA-AES256-GCM-SHA384 
TLSv1.2    :ECDHE-ECDSA-CHACHA20-POLY1305 TLSv1.2    :ECDHE-RSA-CHACHA20-POLY1305 
TLSv1.2    :DHE-RSA-CHACHA20-POLY1305 TLSv1.2    :ECDHE-ECDSA-AES128-GCM-SHA256 
TLSv1.2    :ECDHE-RSA-AES128-GCM-SHA256 TLSv1.2    :DHE-RSA-AES128-GCM-SHA256 
TLSv1.2    :ECDHE-ECDSA-AES256-SHA384 TLSv1.2    :ECDHE-RSA-AES256-SHA384   
TLSv1.2    :DHE-RSA-AES256-SHA256     TLSv1.2    :ECDHE-ECDSA-AES128-SHA256 
TLSv1.2    :ECDHE-RSA-AES128-SHA256   TLSv1.2    :DHE-RSA-AES128-SHA256     
TLSv1.0    :ECDHE-ECDSA-AES256-SHA    TLSv1.0    :ECDHE-RSA-AES256-SHA      
SSLv3      :DHE-RSA-AES256-SHA        TLSv1.0    :ECDHE-ECDSA-AES128-SHA    
TLSv1.0    :ECDHE-RSA-AES128-SHA      SSLv3      :DHE-RSA-AES128-SHA        
TLSv1.2    :RSA-PSK-AES256-GCM-SHA384 TLSv1.2    :DHE-PSK-AES256-GCM-SHA384 
TLSv1.2    :RSA-PSK-CHACHA20-POLY1305 TLSv1.2    :DHE-PSK-CHACHA20-POLY1305 
TLSv1.2    :ECDHE-PSK-CHACHA20-POLY1305 TLSv1.2    :AES256-GCM-SHA384         
TLSv1.2    :PSK-AES256-GCM-SHA384     TLSv1.2    :PSK-CHACHA20-POLY1305     
TLSv1.2    :RSA-PSK-AES128-GCM-SHA256 TLSv1.2    :DHE-PSK-AES128-GCM-SHA256 
TLSv1.2    :AES128-GCM-SHA256         TLSv1.2    :PSK-AES128-GCM-SHA256     
TLSv1.2    :AES256-SHA256             TLSv1.2    :AES128-SHA256             
TLSv1.0    :ECDHE-PSK-AES256-CBC-SHA384 TLSv1.0    :ECDHE-PSK-AES256-CBC-SHA  
SSLv3      :SRP-RSA-AES-256-CBC-SHA   SSLv3      :SRP-AES-256-CBC-SHA       
TLSv1.0    :RSA-PSK-AES256-CBC-SHA384 TLSv1.0    :DHE-PSK-AES256-CBC-SHA384 
SSLv3      :RSA-PSK-AES256-CBC-SHA    SSLv3      :DHE-PSK-AES256-CBC-SHA    
SSLv3      :AES256-SHA                TLSv1.0    :PSK-AES256-CBC-SHA384     
SSLv3      :PSK-AES256-CBC-SHA        TLSv1.0    :ECDHE-PSK-AES128-CBC-SHA256 
TLSv1.0    :ECDHE-PSK-AES128-CBC-SHA  SSLv3      :SRP-RSA-AES-128-CBC-SHA   
SSLv3      :SRP-AES-128-CBC-SHA       TLSv1.0    :RSA-PSK-AES128-CBC-SHA256 
TLSv1.0    :DHE-PSK-AES128-CBC-SHA256 SSLv3      :RSA-PSK-AES128-CBC-SHA    
SSLv3      :DHE-PSK-AES128-CBC-SHA    SSLv3      :AES128-SHA                
TLSv1.0    :PSK-AES128-CBC-SHA256     SSLv3      :PSK-AES128-CBC-SHA        
---
Ciphers common between both SSL end points:
TLS_AES_256_GCM_SHA384     TLS_CHACHA20_POLY1305_SHA256 TLS_AES_128_GCM_SHA256    
ECDHE-ECDSA-AES256-GCM-SHA384 ECDHE-RSA-AES256-GCM-SHA384 DHE-RSA-AES256-GCM-SHA384 
ECDHE-ECDSA-CHACHA20-POLY1305 ECDHE-RSA-CHACHA20-POLY1305 DHE-RSA-CHACHA20-POLY1305 
